cluster  UNKNOWN  (KingbaseES V008R006C009B0014, primary, kbdiag_ro@remote, 2026-09-27T21:20:09+08:00)

nodes: skipped  (insufficient_privilege 42501: permission denied for schema repmgr (grant USAGE on schema repmgr and SELECT on its tables))

events: skipped  (insufficient_privilege 42501: permission denied for schema repmgr (grant USAGE on schema repmgr and SELECT on its tables))
