locks  WARN  (KingbaseES V008R006C009B0014, primary, system@local, 2026-09-26T19:40:48+08:00)

[WARN] lock.waiting  session 101 has waited 120s for RowExclusiveLock on public.orders, blocked by 100
  verify: kbdiag session 100  # what the blocking session is doing

[WARN] lock.waiting  session 102 has waited 30s for AccessShareLock on public.orders, blocked by 100, 101
  verify: kbdiag session 100  # what the blocking session is doing
  verify: kbdiag session 101  # what the blocking session is doing

blockers: 3
  pid  blocks  holds
  100  3       public.orders AccessExclusiveLock
  101  2       (queued ahead for public.orders RowExclusiveLock)
  2PC  1       public.长表名 ShareLock

waiting: 5
  pid  object         wants             waited  blocked by
  101  public.orders  RowExclusiveLock  2m 0s   100
  102  public.orders  AccessShareLock   30s     100, 101
  105  transactionid  ShareLock         5s      -
  104  public.长表名  ExclusiveLock     0s      2PC
  103  public.orders  AccessShareLock   ?       100, 101
redacted: 1 row of lock.list hides wait (insufficient_privilege; grant sys_monitor)
