locks  WARN  (KingbaseES V008R006C009B0014, standby, system@local, 2026-09-26T19:42:43+08:00)

[WARN] lock.waiting  session 422855 has waited 13s for advisory lock, blocked by 422846
  verify: kbdiag session 422846  # what the blocking session is doing

blockers: 1
  pid     blocks  holds
  422846  1       advisory ExclusiveLock

waiting: 1
  pid     object    wants          waited  blocked by
  422855  advisory  ExclusiveLock  13s     422846
