locks  WARN  (KingbaseES V008R006C009B0014, primary, system@local, 2026-09-26T19:43:02+08:00)

[WARN] lock.waiting  session 807225 has waited 4s for AccessExclusiveLock on public.kbdiag_inj_2pc, blocked by an uncommitted two-phase transaction
  verify: kbdiag txn  # the blocker is an uncommitted two-phase transaction: its gid and how long it has been pending

blockers: 1
  pid  blocks  holds
  2PC  1       public.kbdiag_inj_2pc RowExclusiveLock

waiting: 1
  pid     object                 wants                waited  blocked by
  807225  public.kbdiag_inj_2pc  AccessExclusiveLock  4s      2PC
