seq  FAIL  (KingbaseES V008R006C009B0014, primary, system@local, 2026-09-27T21:20:09+08:00)

[FAIL] seq.exhausted  sequence app.Capped\x1b[2J (bigint) is at 100, its limit is 100: nextval fails, so inserts that use it fail
  fix: ALTER SEQUENCE <sequence> MAXVALUE <higher>  # the name has control characters and is shown escaped: take it from kbdiag seq --json; a bigint sequence at its limit: move the limit if it was set short of the type's, or plan a new key

[FAIL] seq.exhausted  sequence public.orders_id_seq (integer) is at 2147483647, its limit is 2147483647: nextval fails, so inserts that use it fail
  fix: ALTER SEQUENCE public.orders_id_seq AS bigint  # the column it feeds must become bigint first (ALTER TABLE ... ALTER COLUMN ... TYPE bigint rewrites the table)

[FAIL] seq.exhausted  sequence public.down (bigint) is at -991, its limit is -1000: nextval fails, so inserts that use it fail
  fix: ALTER SEQUENCE public.down MINVALUE <lower>  # a bigint sequence at its limit: move the limit if it was set short of the type's, or plan a new key

sequences in test: 4, most used first
  sequence              type      last        limit       used     left
  app.Capped\x1b[2J     bigint    100         100         100.00%  0
  public.orders_id_seq  integer   2147483647  2147483647  100.00%  0
  public.ring           smallint  32767       32767       100.00%  0 (cycles)
  public.down           bigint    -991        -1000       99.09%   0
