sessions  WARN  (KingbaseES V008R006C009B0014, primary, system@local, 2026-09-26T19:26:45+08:00)

[WARN] session.idle_in_txn  会话 795860 处于 idle in transaction 已 1 秒
  verify: kbdiag session 795860  # 看它持有哪些锁、有没有挡住别人

connected: 5 client sessions (not counting kbdiag), 1 walsender, 7 background
  count  user    database  application            client
  2      esrep   esrep     internal_rwcmgr        192.168.105.10
  1      esrep   esrep     internal_rwcmgr        192.168.105.11
  1      system  test      kbdiag_inj_idle_txn    local
  1      system  test      kbdiag_inj_long_query  local

not idle: 2
  pid     user    database  application            client  state                xact  query  wait             sql
  795860  system  test      kbdiag_inj_idle_txn    local   idle in transaction  3s    2s     -                select txid_current() as kbdiag_last, pg_sleep(1);
  795975  system  test      kbdiag_inj_long_query  local   active               0s    0s     Timeout:PgSleep  select pg_sleep(3600);
