sessions  OK  (KingbaseES V008R006C009B0014, primary, system@local, 2026-09-23T21:40:05+08:00)

connected: 4 client sessions (not counting kbdiag)
  count  user  database  application  client
  1      -     -         -            local
  1      app   -         -            local
  1      app   -         a\x1b[2Jb    local
  1      用户  库        报表服务     10.0.0.1

not idle: 3
  pid  user  database  application  client    state                          xact   query  wait             sql
  10   用户  库        报表服务     10.0.0.1  active                         2h 3m  1m 5s  IO:DataFileRead  select * from orders where customer_id in (select id from...
  11   -     -         -            local     idle in transaction (aborted)  0s     -      -                -
  12   app   -         a\x1b[2Jb    local     active                         0s     0s     -                select 1;\x1b[31m
