sessions  UNKNOWN  (KingbaseES V008R006C009B0014, primary, system@local, 2026-09-26T19:43:16+08:00)

connected: 4 client sessions (not counting kbdiag), 1 walsender, 7 background
  count  user    database  application           client
  2      esrep   esrep     internal_rwcmgr       192.168.105.10
  1      esrep   esrep     internal_rwcmgr       192.168.105.11
  1      system  test      kbdiag_inj_untracked  local

not idle: 1
  pid     user    database  application           client  state     xact  query  wait  sql
  809073  system  test      kbdiag_inj_untracked  local   disabled  1s    1s     -     -
redacted: 1 row of session.activity hide state, ages, wait, query (track_activities_off)
