session  WARN  (KingbaseES V008R006C009B0014, primary, system@local, 2026-09-26T19:41:19+08:00)

[WARN] session.idle_in_txn  会话 801150 处于 idle in transaction 已 16 秒

session 801150
  user         system
  database     test
  application  kbdiag_inj_idle_txn
  client       local
  type         client backend
  state        idle in transaction  (for 16s)
  xact         18s
  query        17s
  wait         -
  xid / xmin   6170 / -

last sql
  select txid_current() as kbdiag_last, pg_sleep(1);

waiting for: 0

blocking: 0

holds: 0
