session  WARN  (KingbaseES V008R006C009B0014, primary, system@local, 2026-09-26T19:41:42+08:00)

[WARN] lock.waiting  会话 803890 等 public.kbdiag_inj_lock 的 AccessShareLock 已 16 秒，被 803881 挡住

session 803881
  user         system
  database     test
  application  kbdiag_inj_lock_holder
  client       local
  type         client backend
  state        idle in transaction  (for 16s)
  xact         16s
  query        16s
  wait         -
  xid / xmin   6172 / -

last sql
  lock table kbdiag_inj_lock in access exclusive mode;

waiting for: 0

blocking: 1
  pid     object                  wants            waited
  803890  public.kbdiag_inj_lock  AccessShareLock  16s

holds: 1
  object                  mode
  public.kbdiag_inj_lock  AccessExclusiveLock
