slots  WARN  (KingbaseES V008R006C009B0014, primary, system@local, 2026-09-26T19:40:48+08:00)

[WARN] slot.inactive  replication slot b_logical is inactive, retaining 3072 MB WAL, catalog_xmin 90 holding back the system catalogs' horizon
  verify: kbdiag status  # run on this slot's downstream node (usually a standby): if it cannot connect, the node is down; inst.upstream with no receiver or not streaming means it is not receiving WAL; if it shows streaming, run it again after 10-20s: a last_msg that keeps growing means the receiver is stuck

[WARN] slot.inactive  replication slot d_ahead is inactive, retaining 0 bytes WAL
  verify: kbdiag status  # run on this slot's downstream node (usually a standby): if it cannot connect, the node is down; inst.upstream with no receiver or not streaming means it is not receiving WAL; if it shows streaming, run it again after 10-20s: a last_msg that keeps growing means the receiver is stuck

[WARN] slot.inactive  replication slot c_never_used is inactive, retaining no WAL
  verify: kbdiag status  # run on this slot's downstream node (usually a standby): if it cannot connect, the node is down; inst.upstream with no receiver or not streaming means it is not receiving WAL; if it shows streaming, run it again after 10-20s: a last_msg that keeps growing means the receiver is stuck

[WARN] slot.inactive  replication slot 备库槽备库槽备库槽备库槽备库槽备库槽备库槽备库槽备库槽备库槽备库槽备库槽备库槽备库槽备库槽 is inactive, retaining 20 MB WAL
  verify: kbdiag status  # run on this slot's downstream node (usually a standby): if it cannot connect, the node is down; inst.upstream with no receiver or not streaming means it is not receiving WAL; if it shows streaming, run it again after 10-20s: a last_msg that keeps growing means the receiver is stuck

slots: 6
  name                           type      active        retained  xmin  catalog xmin  xmin age  restart_lsn
  b_logical                      logical   no            3072 MB   -     90            -         0/9
  备库槽备库槽备库槽备库槽备...  physical  no            20 MB     -     -             -         0/8
  d_ahead                        physical  no            0 bytes   -     -             -         0/7
  c_never_used                   physical  no            -         -     -             -         -
  a_active                       physical  yes (pid 10)  1024 kB   100   -             5         0/10
  f_tie                          physical  yes           1024 kB   -     -             -         -
