table  OK  (KingbaseES V008R006C009B0014, standby, system@local, 2026-09-27T22:42:52+08:00)

public.kbdiag_inj_tbl  (table)
  size        3472 kB  (heap 2488 kB, indexes 976 kB, TOAST 8192 bytes)
  rows        15000 estimated
  xid age     5  (autovacuum_freeze_max_age 200000000)
  mxid age    0
  reloptions  -

statistics: not_applicable  (standby: table statistics are local to each node and stay 0 here; run on the primary)

indexes: 2
  name                 size    scans  kind         definition
  kbdiag_inj_tbl_n     520 kB  -      -            CREATE INDEX kbdiag_inj_tbl_n ON public.kbdiag_inj_tbl USING btree (n)
  kbdiag_inj_tbl_pkey  456 kB  -      primary key  CREATE UNIQUE INDEX kbdiag_inj_tbl_pkey ON public.kbdiag_inj_tbl USING btree (id)
