txn  WARN  (KingbaseES V008R006C009B0014, primary, system@local, 2026-09-26T19:42:53+08:00)

[WARN] txn.prepared  two-phase transaction kbdiag_inj_2pc prepared 2s ago and not finished, holding back the vacuum horizon
  fix: ROLLBACK PREPARED 'kbdiag_inj_2pc'  # check with the application whether to commit (COMMIT PREPARED) or roll back; run it connected to database test, outside a transaction block

oldest xid: 6175  (2PC kbdiag_inj_2pc)

open transactions: 0

prepared: 1
  gid             owner   database  age  xid
  kbdiag_inj_2pc  system  test      2s   6175
