txn  WARN  (KingbaseES V008R006C009B0014, primary, system@local, 2026-09-26T19:40:48+08:00)

[WARN] txn.long  session 1 has had a transaction open for 7200s, now active
  verify: kbdiag session 1  # what it is running, which locks it holds, whether it blocks anyone

[WARN] txn.long  session 2 has had a transaction open for 3600s, now active
  verify: kbdiag session 2  # what it is running, which locks it holds, whether it blocks anyone

[WARN] txn.prepared  two-phase transaction g'\x1b1 prepared 3600s ago and not finished, holding back the vacuum horizon
  verify: kbdiag txn --json  # the gid has control characters and the text shows it escaped: take the raw gid from the JSON before committing or rolling back

oldest xid: 4294967290  (1 xid, 2 xmin)

open transactions: 4, 1 session hidden
  pid  user  database  application                    state   xact   xid         xmin        sql
  1    app   库        报表报表报表报表报表报表报...  active  2h 0m  4294967290  -           update t set x = x + 1
  2    app   库        报表报表报表报表报表报表报...  active  1h 0m  5           4294967290  update t set x = x + 1
  3    app   库        报表报表报表报表报表报表报...  active  1m 0s  -           10          update t set x = x + 1
  4    -     -         -                              -       -      -           4294967295  -

prepared: 1
  gid      owner  database  age    xid
  g'\x1b1  app    test      1h 0m  4294967291
redacted: 1 row of session.activity hides state, backend_type, client_addr, ages, wait, query (insufficient_privilege; grant sys_monitor)
