txn  WARN  (KingbaseES V008R006C009B0014, primary, system@local, 2026-09-26T19:41:17+08:00)

[WARN] txn.long  session 801150 has had a transaction open for 16s, now idle in transaction
  verify: kbdiag session 801150  # what it is running, which locks it holds, whether it blocks anyone

[WARN] txn.long  session 801314 has had a transaction open for 14s, now active
  verify: kbdiag session 801314  # what it is running, which locks it holds, whether it blocks anyone

oldest xid: 6170  (801150 xid, 801314 xmin)

open transactions: 2
  pid     user    database  application            state                xact  xid   xmin  sql
  801150  system  test      kbdiag_inj_idle_txn    idle in transaction  16s   6170  -     select txid_current() as kbdiag_last, pg_sleep(1);
  801314  system  test      kbdiag_inj_long_query  active               14s   -     6170  select pg_sleep(3600);

prepared: 0
