txn  OK  (KingbaseES V008R006C009B0014, primary, system@local, 2026-09-26T19:40:48+08:00)

oldest xid: 100  (2PC g, 4 xmin)

open transactions: 1
  pid  user  database  application  state   xact  xid  xmin  sql
  4    app   -         -            active  1s    -    100   select 1

prepared: 1
  gid  owner  database  age  xid
  g    app    test      5s   100
