waits  OK  (KingbaseES V008R006C009B0014, primary, system@local, 2026-09-26T19:41:14+08:00)

not idle: 2
  wait               state                sessions  pids
  Timeout:PgSleep    active               1         801314
  Client:ClientRead  idle in transaction  1         801150

not shown: 3 idle, 8 background
